
> flybreak@0.1.0 start
> electron .

[brain] loading MaleCNS v1.0 pack ...
[brain] 166,700 neurons, 24,469,412 synapses
[brain]   sugar       77 neurons
  bitter      57 neurons
  looming    311 neurons
  wind       334 neurons
  escape       2 neurons
  feed         2 neurons
  backward     4 neurons
  groom        4 neurons
  forward      6 neurons
  turnL        2 neurons
  turnR        2 neurons
[brain] brain live on ws://127.0.0.1:8765
[22584:0919/154558.353955:ERROR:content/browser/gpu/gpu_process_host.cc:1035] GPU process exited unexpectedly: exit_code=15
[22584:0919/154558.363653:ERROR:base/process/process_mac.cc:53] task_policy_set TASK_CATEGORY_POLICY: (os/kern) invalid argument (4)
[22584:0919/154558.363740:ERROR:base/process/process_mac.cc:98] task_policy_set TASK_SUPPRESSION_POLICY: (ipc/send) invalid destination port (0x10000003)
[22584:0919/154558.368370:ERROR:content/browser/network_service_instance_impl.cc:650] Network service crashed or was terminated, restarting service.
[brain] connection handler failed
Traceback (most recent call last):
  File "/Users/navi/Dev/2026/ClaudeCommunityHackathon/brain/engine/.venv/lib/python3.13/site-packages/websockets/asyncio/server.py", line 747, in protocol_handler
    await handler(connection)
  File "/Users/navi/Dev/2026/ClaudeCommunityHackathon/brain/server.py", line 159, in handler
    async for msg in ws:
    ...<5 lines>...
            brain.reset()
  File "/Users/navi/Dev/2026/ClaudeCommunityHackathon/brain/engine/.venv/lib/python3.13/site-packages/websockets/asyncio/connection.py", line 237, in __aiter__
    yield await self.recv()
          ^^^^^^^^^^^^^^^^^
  File "/Users/navi/Dev/2026/ClaudeCommunityHackathon/brain/engine/.venv/lib/python3.13/site-packages/websockets/asyncio/connection.py", line 317, in recv
    raise self.protocol.close_exc from self.recv_exc
websockets.exceptions.ConnectionClosedError: no close frame received or sent
